Microchip MPLAB XC8 Compiler V2.32

Linker command line:

-W-3 --edf=C:\Program Files\Microchip\xc8\v2.32\pic\dat\en_msgs.txt -cn \
  -h+dist/default/production\Practica_Integradora2.X.production.sym \
  --cmf=dist/default/production\Practica_Integradora2.X.production.cmf -z \
  -Q18F4550 -oC:\Users\ALANCR~1\AppData\Local\Temp\xcAsovk.4 \
  --defsym=__MPLAB_BUILD=1 \
  -Mdist/default/production/Practica_Integradora2.X.production.map -E1 \
  -ver=XC8 Compiler --acfsm=1493 -ASTACK=060h-05EFh -pstack=STACK \
  -ACODE=00h-07FFFh -ACONST=00h-07FFFh -ASMALLCONST=0800h-08FFhx120 \
  -AMEDIUMCONST=0800h-07FFFh -ACOMRAM=01h-05Fh -AABS1=00h-07FFh \
  -ABIGRAM=01h-07FFh -ARAM=060h-0FFh,0100h-01FFhx7 -ABANK0=060h-0FFh \
  -ABANK1=0100h-01FFh -ABANK2=0200h-02FFh -ABANK3=0300h-03FFh \
  -ABANK4=0400h-04FFh -ABANK5=0500h-05FFh -ABANK6=0600h-06FFh \
  -ABANK7=0700h-07FFh -ASFR=0F60h-0FFFh -ACONFIG=0300000h-030000Dh \
  -AIDLOC=0200000h-0200007h -AEEDATA=0F00000h-0F000FFh -peeprom_data=EEDATA \
  -preset_vec=00h,intcode,intcodelo,powerup,init -pramtop=0800h \
  -psmallconst=SMALLCONST -pmediumconst=MEDIUMCONST -pconst=CONST \
  -AFARRAM=00h-00h \
  -prdata=COMRAM,nvrram=COMRAM,nvbit=COMRAM,rbss=COMRAM,rbit=COMRAM \
  -pfarbss=FARRAM,fardata=FARRAM,nvFARRAM=FARRAM \
  -pintsave_regs=BIGRAM,bigbss=BIGRAM,bigdata=BIGRAM -pbss=RAM \
  -pidata=CODE,irdata=CODE,ibigdata=CODE,ifardata=CODE -prparam=COMRAM \
  C:\Users\ALANCR~1\AppData\Local\Temp\xcAsovk.o \
  dist/default/production\Practica_Integradora2.X.production.o 

Object code version is 3.11

Machine type is 18F4550



                Name                               Link     Load   Length Selector   Space Scale
C:\Users\ALANCR~1\AppData\Local\Temp\xcAsovk.o
                idloc                            200000   200000        8        0       5
                config                           300000   300000        E        0       4
                init                                  0        0        4        0       0
dist/default/production\Practica_Integradora2.X.production.o
                idloc                            200000   200000        8        0       5
                config                           300000   300000        E        0       4
                text12                             672C     672C       AA     3396       0
                text11                             7716     7716      42A     3B8B       0
                text10                             666E     666E       26     3337       0
                text9                              737C     737C      39A     39BE       0
                text8                              7B40     7B40      4C0     3DA0       0
                text7                              6694     6694       46     334A       0
                text6                              68CC     68CC      106     3466       0
                text5                              6CB2     6CB2      1B4     3659       0
                text4                              69D2     69D2      170     34E9       0
                text3                              6B42     6B42      170     35A1       0
                text2                              7076     7076      306     383B       0
                text1                              6658     6658       16     332C       0
                text0                              67D6     67D6       F6     33EB       0
                cstackCOMRAM                          1        1       46        1       1
                dataBIGRAM                          5F0      5F0      210      5F0       1
                dataCOMRAM                           5B       5B        2        1       1
                bssCOMRAM                            47       47       14        1       1
                cinit                              66DA     66DA       52     336D       0
                idataBIGRAM                        6E66     6E66      210     6E66       0
                idataCOMRAM                        6656     6656        2     6656       0

TOTAL           Name                               Link     Load   Length     Space
        CLASS   STACK          

        CLASS   CODE           
                init                                  0        0        4         0
                text12                             672C     672C       AA         0
                text11                             7716     7716      42A         0
                text10                             666E     666E       26         0
                text9                              737C     737C      39A         0
                text8                              7B40     7B40      4C0         0
                text7                              6694     6694       46         0
                text6                              68CC     68CC      106         0
                text5                              6CB2     6CB2      1B4         0
                text4                              69D2     69D2      170         0
                text3                              6B42     6B42      170         0
                text2                              7076     7076      306         0
                text1                              6658     6658       16         0
                text0                              67D6     67D6       F6         0
                cinit                              66DA     66DA       52         0
                idataBIGRAM                        6E66     6E66      210         0
                idataCOMRAM                        6656     6656        2         0

        CLASS   CONST          

        CLASS   SMALLCONST     

        CLASS   MEDIUMCONST    

        CLASS   COMRAM         
                cstackCOMRAM                          1        1       46         1
                dataCOMRAM                           5B       5B        2         1
                bssCOMRAM                            47       47       14         1

        CLASS   ABS1           

        CLASS   BIGRAM         
                dataBIGRAM                          5F0      5F0      210         1

        CLASS   RAM            

        CLASS   BANK0          

        CLASS   BANK1          

        CLASS   BANK2          

        CLASS   BANK3          

        CLASS   BANK4          

        CLASS   BANK5          

        CLASS   BANK6          

        CLASS   BANK7          

        CLASS   SFR            

        CLASS   CONFIG         
                config                           300000   300000        E         4

        CLASS   IDLOC          
                idloc                            200000   200000        8         5

        CLASS   EEDATA         

        CLASS   FARRAM         



SEGMENTS        Name                           Load    Length   Top    Selector   Space  Class

                reset_vec                      000000  000004  000004         0       0  CODE    
                cstackCOMRAM                   000001  00005C  00005D         1       1  COMRAM  
                dataBIGRAM                     0005F0  000210  000800       5F0       1  BIGRAM  
                idataCOMRAM                    006656  000002  006658      6656       0  CODE    
                text1                          006658  000016  00666E      332C       0  CODE    
                text10                         00666E  000026  006694      3337       0  CODE    
                text7                          006694  000046  0066DA      334A       0  CODE    
                cinit                          0066DA  000052  00672C      336D       0  CODE    
                text12                         00672C  0000AA  0067D6      3396       0  CODE    
                text0                          0067D6  0000F6  0068CC      33EB       0  CODE    
                text6                          0068CC  000106  0069D2      3466       0  CODE    
                text4                          0069D2  000170  006B42      34E9       0  CODE    
                text3                          006B42  000170  006CB2      35A1       0  CODE    
                text5                          006CB2  0001B4  006E66      3659       0  CODE    
                idataBIGRAM                    006E66  000210  007076      6E66       0  CODE    
                text2                          007076  000306  00737C      383B       0  CODE    
                text9                          00737C  00039A  007716      39BE       0  CODE    
                text11                         007716  00042A  007B40      3B8B       0  CODE    
                text8                          007B40  0004C0  008000      3DA0       0  CODE    


UNUSED ADDRESS RANGES

        Name                Unused          Largest block    Delta
        BANK0            000060-0000FF               A0
        BANK1            000100-0001FF              100
        BANK2            000200-0002FF              100
        BANK3            000300-0003FF              100
        BANK4            000400-0004FF              100
        BANK5            000500-0005EF               F0
        BIGRAM           00005D-0005EF              593
        CODE             000004-006655             6652
        COMRAM           00005D-00005F                3
        CONST            000004-006655             6652
        EEDATA           F00000-F000FF              100
        MEDIUMCONST      000800-006655             5E56
        RAM              000060-0005EF              100
        SFR              000F60-000FFF               A0
        SMALLCONST       000800-006655              100
        STACK            000060-0005EF              590

                                  Symbol Table

?___fladd                cstackCOMRAM 000001
?___fldiv                cstackCOMRAM 00000F
?___flmul                cstackCOMRAM 00000F
?___flsub                cstackCOMRAM 000028
?___fltol                cstackCOMRAM 000028
?___wmul                 cstackCOMRAM 000001
?___xxtofl               cstackCOMRAM 000001
_ADCON1                  (abs)        000FC1
_INTCONbits              (abs)        000FF2
_PORTAbits               (abs)        000F80
_PORTBbits               (abs)        000F81
_T0CONbits               (abs)        000FD5
_TMR0                    (abs)        000FD6
_TRISA                   (abs)        000F92
_TRISB                   (abs)        000F93
__HRAM                   (abs)        000000
__Habs1                  abs1         000000
__Hbank0                 bank0        000000
__Hbank1                 bank1        000000
__Hbank2                 bank2        000000
__Hbank3                 bank3        000000
__Hbank4                 bank4        000000
__Hbank5                 bank5        000000
__Hbank6                 bank6        000000
__Hbank7                 bank7        000000
__Hbigbss                bigbss       000000
__Hbigdata               bigdata      000000
__Hbigram                bigram       000000
__Hbss                   bss          000000
__HbssCOMRAM             bssCOMRAM    000000
__Hcinit                 cinit        000000
__Hclrtext               clrtext      000000
__Hcomram                comram       000000
__Hconfig                config       30000E
__Hconst                 const        000000
__HcstackCOMRAM          cstackCOMRAM 000000
__Hdata                  data         000000
__HdataBIGRAM            dataBIGRAM   000000
__HdataCOMRAM            dataCOMRAM   000000
__Heeprom_data           eeprom_data  000000
__Hfarbss                farbss       000000
__Hfardata               fardata      000000
__Hibigdata              ibigdata     000000
__Hidata                 idata        000000
__HidataBIGRAM           idataBIGRAM  000000
__HidataCOMRAM           idataCOMRAM  000000
__Hidloc                 idloc        200008
__Hifardata              ifardata     000000
__Hinit                  init         000004
__Hintcode               intcode      000000
__Hintcode_body          intcode_body 000000
__Hintcodelo             intcodelo    000000
__Hintentry              intentry     000000
__Hintret                intret       000000
__Hintsave_regs          intsave_regs 000000
__Hirdata                irdata       000000
__Hmediumconst           mediumconst  000000
__HnvFARRAM              nvFARRAM     000000
__Hnvbit                 nvbit        000000
__Hnvrram                nvrram       000000
__Hparam                 rparam       000000
__Hpowerup               powerup      000000
__Hram                   ram          000000
__Hramtop                ramtop       000800
__Hrbit                  rbit         000000
__Hrbss                  rbss         000000
__Hrdata                 rdata        000000
__Hreset_vec             reset_vec    000000
__Hrparam                rparam       000000
__Hsfr                   sfr          000000
__Hsmallconst            smallconst   000000
__Hspace_0               (abs)        008000
__Hspace_1               (abs)        000800
__Hspace_2               (abs)        000000
__Hspace_4               (abs)        60000E
__Hstack                 stack        000000
__Hstruct                struct       000000
__Htemp                  temp         000000
__Htext                  text         000000
__Htext0                 text0        000000
__Htext1                 text1        000000
__Htext10                text10       000000
__Htext11                text11       000000
__Htext12                text12       000000
__Htext2                 text2        000000
__Htext3                 text3        000000
__Htext4                 text4        000000
__Htext5                 text5        000000
__Htext6                 text6        000000
__Htext7                 text7        000000
__Htext8                 text8        000000
__Htext9                 text9        000000
__LRAM                   (abs)        000001
__Labs1                  abs1         000000
__Lbank0                 bank0        000000
__Lbank1                 bank1        000000
__Lbank2                 bank2        000000
__Lbank3                 bank3        000000
__Lbank4                 bank4        000000
__Lbank5                 bank5        000000
__Lbank6                 bank6        000000
__Lbank7                 bank7        000000
__Lbigbss                bigbss       000000
__Lbigdata               bigdata      000000
__Lbigram                bigram       000000
__Lbss                   bss          000000
__LbssCOMRAM             bssCOMRAM    000000
__Lcinit                 cinit        000000
__Lclrtext               clrtext      000000
__Lcomram                comram       000000
__Lconfig                config       000000
__Lconst                 const        000000
__LcstackCOMRAM          cstackCOMRAM 000000
__Ldata                  data         000000
__LdataBIGRAM            dataBIGRAM   000000
__LdataCOMRAM            dataCOMRAM   000000
__Leeprom_data           eeprom_data  000000
__Lfarbss                farbss       000000
__Lfardata               fardata      000000
__Libigdata              ibigdata     000000
__Lidata                 idata        000000
__LidataBIGRAM           idataBIGRAM  000000
__LidataCOMRAM           idataCOMRAM  000000
__Lidloc                 idloc        000000
__Lifardata              ifardata     000000
__Linit                  init         000000
__Lintcode               intcode      000000
__Lintcode_body          intcode_body 000000
__Lintcodelo             intcodelo    000000
__Lintentry              intentry     000000
__Lintret                intret       000000
__Lintsave_regs          intsave_regs 000000
__Lirdata                irdata       000000
__Lmediumconst           mediumconst  000000
__LnvFARRAM              nvFARRAM     000000
__Lnvbit                 nvbit        000000
__Lnvrram                nvrram       000000
__Lparam                 rparam       000000
__Lpowerup               powerup      000000
__Lram                   ram          000000
__Lramtop                ramtop       000800
__Lrbit                  rbit         000000
__Lrbss                  rbss         000000
__Lrdata                 rdata        000000
__Lreset_vec             reset_vec    000000
__Lrparam                rparam       000000
__Lsfr                   sfr          000000
__Lsmallconst            smallconst   000000
__Lspace_0               (abs)        000000
__Lspace_1               (abs)        000000
__Lspace_2               (abs)        000000
__Lspace_4               (abs)        000000
__Lstack                 stack        000000
__Lstruct                struct       000000
__Ltemp                  temp         000000
__Ltext                  text         000000
__Ltext0                 text0        000000
__Ltext1                 text1        000000
__Ltext10                text10       000000
__Ltext11                text11       000000
__Ltext12                text12       000000
__Ltext2                 text2        000000
__Ltext3                 text3        000000
__Ltext4                 text4        000000
__Ltext5                 text5        000000
__Ltext6                 text6        000000
__Ltext7                 text7        000000
__Ltext8                 text8        000000
__Ltext9                 text9        000000
__S0                     (abs)        008000
__S1                     (abs)        000800
__S2                     (abs)        000000
__S4                     (abs)        000000
__S5                     (abs)        000000
___fladd                 text8        007B40
___fladd@a               cstackCOMRAM 000005
___fladd@aexp            cstackCOMRAM 00000E
___fladd@b               cstackCOMRAM 000001
___fladd@bexp            cstackCOMRAM 00000F
___fladd@grs             cstackCOMRAM 000010
___fladd@signs           cstackCOMRAM 00000D
___fldiv                 text9        00737C
___fldiv@a               cstackCOMRAM 000013
___fldiv@aexp            cstackCOMRAM 000027
___fldiv@b               cstackCOMRAM 00000F
___fldiv@bexp            cstackCOMRAM 000026
___fldiv@grs             cstackCOMRAM 000022
___fldiv@new_exp         cstackCOMRAM 000020
___fldiv@rem             cstackCOMRAM 00001B
___fldiv@sign            cstackCOMRAM 00001F
___fleq                  text12       00672C
___fleq@ff1              cstackCOMRAM 000007
___fleq@ff2              cstackCOMRAM 00000B
___flmul                 text11       007716
___flmul@a               cstackCOMRAM 000013
___flmul@aexp            cstackCOMRAM 000020
___flmul@b               cstackCOMRAM 00000F
___flmul@bexp            cstackCOMRAM 000021
___flmul@grs             cstackCOMRAM 00001C
___flmul@prod            cstackCOMRAM 000022
___flmul@sign            cstackCOMRAM 00001B
___flmul@temp            cstackCOMRAM 000026
___flsub                 text7        006694
___flsub@a               cstackCOMRAM 00002C
___flsub@b               cstackCOMRAM 000028
___fltol                 text6        0068CC
___fltol@exp1            cstackCOMRAM 000031
___fltol@f1              cstackCOMRAM 000028
___fltol@sign1           cstackCOMRAM 000030
___inthi_sp              stack        000000
___intlo_sp              stack        000000
___param_bank            (abs)        000000
___rparam_used           (abs)        000001
___sp                    stack        000000
___wmul                  text10       00666E
___wmul@multiplicand     cstackCOMRAM 000003
___wmul@multiplier       cstackCOMRAM 000001
___wmul@product          cstackCOMRAM 000005
___xxtofl                text5        006CB2
___xxtofl@arg            cstackCOMRAM 00000B
___xxtofl@exp            cstackCOMRAM 00000A
___xxtofl@sign           cstackCOMRAM 000009
___xxtofl@val            cstackCOMRAM 000001
__accesstop              (abs)        000060
__activetblptr           (abs)        000002
__end_of___fladd         text8        008000
__end_of___fldiv         text9        007716
__end_of___fleq          text12       0067D6
__end_of___flmul         text11       007B40
__end_of___flsub         text7        0066DA
__end_of___fltol         text6        0069D2
__end_of___wmul          text10       006694
__end_of___xxtofl        text5        006E66
__end_of__initialization cinit        006722
__end_of_cancion1        text2        00737C
__end_of_confT0          text1        00666E
__end_of_main            text0        0068CC
__end_of_silencio        text4        006B42
__end_of_tocar_nota      text3        006CB2
__initialization         cinit        0066DA
__mediumconst            mediumconst  000000
__pbssCOMRAM             bssCOMRAM    000047
__pcinit                 cinit        0066DA
__pcstackCOMRAM          cstackCOMRAM 000001
__pdataBIGRAM            dataBIGRAM   0005F0
__pdataCOMRAM            dataCOMRAM   00005B
__pidataBIGRAM           idataBIGRAM  006E66
__pidataCOMRAM           idataCOMRAM  006656
__ptext0                 text0        0067D6
__ptext1                 text1        006658
__ptext10                text10       00666E
__ptext11                text11       007716
__ptext12                text12       00672C
__ptext2                 text2        007076
__ptext3                 text3        006B42
__ptext4                 text4        0069D2
__ptext5                 text5        006CB2
__ptext6                 text6        0068CC
__ptext7                 text7        006694
__ptext8                 text8        007B40
__ptext9                 text9        00737C
__ramtop                 ramtop       000800
__size_of___fladd        (abs)        000000
__size_of___fldiv        (abs)        000000
__size_of___fleq         (abs)        000000
__size_of___flmul        (abs)        000000
__size_of___flsub        (abs)        000000
__size_of___fltol        (abs)        000000
__size_of___wmul         (abs)        000000
__size_of___xxtofl       (abs)        000000
__size_of_cancion1       (abs)        000000
__size_of_confT0         (abs)        000000
__size_of_main           (abs)        000000
__size_of_silencio       (abs)        000000
__size_of_tocar_nota     (abs)        000000
__smallconst             smallconst   000000
_a                       bssCOMRAM    000053
_b                       bssCOMRAM    000051
_buffer1                 bssCOMRAM    000047
_cancion                 dataBIGRAM   0005F0
_cancion1                text2        007076
_cancion1$882            cstackCOMRAM 000041
_cancion1$883            cstackCOMRAM 000043
_confT0                  text1        006658
_j                       bssCOMRAM    000059
_k                       bssCOMRAM    000057
_l                       bssCOMRAM    000055
_main                    text0        0067D6
_s                       bssCOMRAM    00004F
_silencio                text4        0069D2
_silencio$881            cstackCOMRAM 000039
_tocar_nota              text3        006B42
_tocar_nota$880          cstackCOMRAM 000039
_vel                     dataCOMRAM   00005B
end_of_initialization    cinit        006722
intlevel0                text         000000
intlevel1                text         000000
intlevel2                text         000000
intlevel3                text         000000
isa$std                  (abs)        000001
isa$xinst                (abs)        000000
silencio@duracion        cstackCOMRAM 000032
silencio@tfrec           cstackCOMRAM 000034
stackhi                  (abs)        0005EF
stacklo                  (abs)        000060
start                    init         000000
start_initialization     cinit        0066DA
tocar_nota@duracion      cstackCOMRAM 000032
tocar_nota@duracion2     cstackCOMRAM 00003D
tocar_nota@tfrec         cstackCOMRAM 000034


MODULE INFORMATION

Module		Function		Class		Link	Load	Size
C:\Program Files\Microchip\xc8\v2.32\pic\sources\c99\common\sprcadd.c
		___flsub       		CODE           	6694	0000	70
		___fladd       		CODE           	7B40	0000	1216

C:\Program Files\Microchip\xc8\v2.32\pic\sources\c99\common\sprcadd.c estimated size: 1286

C:\Program Files\Microchip\xc8\v2.32\pic\sources\c99\common\fleq.c
		___fleq        		CODE           	672C	0000	170

C:\Program Files\Microchip\xc8\v2.32\pic\sources\c99\common\fleq.c estimated size: 170

C:\Program Files\Microchip\xc8\v2.32\pic\sources\c99\common\Umul16.c
		___wmul        		CODE           	666E	0000	38

C:\Program Files\Microchip\xc8\v2.32\pic\sources\c99\common\Umul16.c estimated size: 38

shared
		__initialization		CODE           	66DA	0000	72

shared estimated size: 72

C:\Program Files\Microchip\xc8\v2.32\pic\sources\c99\common\sprcmul.c
		___flmul       		CODE           	7716	0000	1066

C:\Program Files\Microchip\xc8\v2.32\pic\sources\c99\common\sprcmul.c estimated size: 1066

C:\Program Files\Microchip\xc8\v2.32\pic\sources\c99\common\sprcdiv.c
		___fldiv       		CODE           	737C	0000	922

C:\Program Files\Microchip\xc8\v2.32\pic\sources\c99\common\sprcdiv.c estimated size: 922

C:\Program Files\Microchip\xc8\v2.32\pic\sources\c99\common\fltol.c
		___fltol       		CODE           	68CC	0000	262

C:\Program Files\Microchip\xc8\v2.32\pic\sources\c99\common\fltol.c estimated size: 262

C:\Program Files\Microchip\xc8\v2.32\pic\sources\c99\common\xxtofl.c
		___xxtofl      		CODE           	6CB2	0000	436

C:\Program Files\Microchip\xc8\v2.32\pic\sources\c99\common\xxtofl.c estimated size: 436

main.c
		_silencio      		CODE           	69D2	0000	368
		_tocar_nota    		CODE           	6B42	0000	368
		_main          		CODE           	67D6	0000	246
		_cancion1      		CODE           	7076	0000	774
		_confT0        		CODE           	6658	0000	22

main.c estimated size: 1778

